Flutter crash report.
Please report a bug at https://github.com/flutter/flutter/issues.

## command

flutter pub get

## exception

FileSystemException: FileSystemException: Deletion failed, path = 'C:\Users\sudha\Desktop\CCM Melodies\ccm_melodies\.android' (OS Error: The directory is not empty, errno = 145)

```
#0      _Directory._deleteSync (dart:io/directory_impl.dart:216:7)
#1      FileSystemEntity.deleteSync (dart:io/file_system_entity.dart:425:7)
#2      ForwardingFileSystemEntity.deleteSync (package:file/src/forwarding/forwarding_file_system_entity.dart:70:16)
#3      ErrorHandlingDirectory.deleteSync.<anonymous closure> (package:flutter_tools/src/base/error_handling_io.dart:717:22)
#4      _runSync (package:flutter_tools/src/base/error_handling_io.dart:1118:16)
#5      ErrorHandlingDirectory.deleteSync (package:flutter_tools/src/base/error_handling_io.dart:716:12)
#6      ErrorHandlingFileSystem.deleteIfExists (package:flutter_tools/src/base/error_handling_io.dart:132:20)
#7      AndroidProject._regenerateLibrary (package:flutter_tools/src/project.dart:963:29)
#8      AndroidProject.ensureReadyForPlatformSpecificTooling (package:flutter_tools/src/project.dart:930:13)
#9      FlutterProject.ensureReadyForPlatformSpecificTooling (package:flutter_tools/src/project.dart:454:21)
<asynchronous suspension>
#10     PackagesGetCommand.runCommand.<anonymous closure> (package:flutter_tools/src/commands/packages.dart:400:9)
<asynchronous suspension>
#11     Pool.forEach.run (package:pool/pool.dart:183:19)
<asynchronous suspension>
#12     Pool.withResource (package:pool/pool.dart:127:14)
<asynchronous suspension>
#13     Future.wait.<anonymous closure> (dart:async/future.dart:567:21)
<asynchronous suspension>
#14     Pool.forEach.onListen.<anonymous closure> (package:pool/pool.dart:203:23)
<asynchronous suspension>
#15     _StreamController.close (dart:async/stream_controller.dart:640:3)
<asynchronous suspension>
#16     _nullDataHandler (dart:async/stream_impl.dart:549:1)
<asynchronous suspension>
```

## flutter doctor

```
[32m[✓][39m Flutter (Channel stable, 3.47.0, on Microsoft Windows [Version
    10.0.26200.9168], locale en-US) [451ms]
    [32m•[39m Flutter version 3.47.0 on channel stable at C:\Users\sudha\flutter
    [32m•[39m Upstream repository https://github.com/flutter/flutter.git
    [32m•[39m Framework revision 4cf2416426 (8 days ago), 2026-08-11 11:53:49 -0700
    [32m•[39m Engine revision 5f77625673
    [32m•[39m Dart version 3.13.0
    [32m•[39m DevTools version 2.60.0
    [32m•[39m Feature flags: enable-web, enable-linux-desktop, enable-macos-desktop,
      enable-windows-desktop, enable-android, enable-ios, cli-animations,
      enable-native-assets, enable-record-use, enable-swift-package-manager,
      omit-legacy-version-file, enable-lldb-debugging, enable-uiscene-migration

[32m[✓][39m Windows Version (11 Home Single Language 64-bit, 25H2, 2009) [4.8s]

[33m[!][39m Android toolchain - develop for Android devices (Android SDK version 36.0.0)
    [5.4s]
    [32m•[39m Android SDK at C:\Users\sudha\AppData\Local\Android\sdk
    [32m•[39m Emulator version 37.1.11.0 (build_id 15917651) (CL:N/A)
    [31m✗[39m cmdline-tools component is missing.
      Try installing or updating Android Studio.
      Alternatively, download the tools from
      https://developer.android.com/studio#command-line-tools-only and make sure
      to set the ANDROID_HOME environment variable.
      See https://developer.android.com/studio/command-line for more details.
    [31m✗[39m Android license status unknown.
      Run `flutter doctor --android-licenses` to accept the SDK licenses.
      See https://flutter.dev/to/windows-android-setup for more details.

[32m[✓][39m Chrome - develop for the web [35ms]
    [32m•[39m Chrome at C:\Program Files\Google\Chrome\Application\chrome.exe

[31m[✗][39m Visual Studio - develop Windows apps [29ms]
    [31m✗[39m Visual Studio not installed; this is necessary to develop Windows apps.
      Download at https://visualstudio.microsoft.com/downloads/.
      Please install the "Desktop development with C++" workload, including all
      of its default components

[32m[✓][39m Connected device (3 available) [732ms]
    [32m•[39m Windows (desktop) • windows • windows-x64    • Microsoft Windows [Version
      10.0.26200.9168]
    [32m•[39m Chrome (web)      • chrome  • web-javascript • Google Chrome
      151.0.7922.138
    [32m•[39m Edge (web)        • edge    • web-javascript • Microsoft Edge
      151.0.4129.93

[32m[✓][39m Network resources [618ms]
    [32m•[39m All expected network resources are available.

[33m![39m Doctor found issues in 2 categories.
```
